.F

Failures:

  1) comments creates a comment and a new user
     Failure/Error: click_button('Create Comment')
     ActionView::Template::Error:
       undefined method `username' for nil:NilClass
     # ./app/views/posts/show.html.erb:7:in `block in _app_views_posts_show_html_erb___3323246219575570061_46655560'
     # /usr/local/rvm/gems/ruby-2.3.1/gems/activerecord-4.2.2/lib/active_record/relation/delegation.rb:46:in `each'
     # /usr/local/rvm/gems/ruby-2.3.1/gems/activerecord-4.2.2/lib/active_record/relation/delegation.rb:46:in `each'
     # ./app/views/posts/show.html.erb:6:in `_app_views_posts_show_html_erb___3323246219575570061_46655560'
     # /usr/local/rvm/gems/ruby-2.3.1/gems/actionview-4.2.2/lib/action_view/template.rb:145:in `block in render'
     # /usr/local/rvm/gems/ruby-2.3.1/gems/activesupport-4.2.2/lib/active_support/notifications.rb:166:in `instrument'
     # /usr/local/rvm/gems/ruby-2.3.1/gems/actionview-4.2.2/lib/action_view/template.rb:333:in `instrument'
     # /usr/local/rvm/gems/ruby-2.3.1/gems/actionview-4.2.2/lib/action_view/template.rb:143:in `render'
     # /usr/local/rvm/gems/ruby-2.3.1/gems/actionview-4.2.2/lib/action_view/renderer/template_renderer.rb:54:in `block (2 levels) in render_template'
     # /usr/local/rvm/gems/ruby-2.3.1/gems/actionview-4.2.2/lib/action_view/renderer/abstract_renderer.rb:39:in `block in instrument'
     # /usr/local/rvm/gems/ruby-2.3.1/gems/activesupport-4.2.2/lib/active_support/notifications.rb:164:in `block in instrument'
     # /usr/local/rvm/gems/ruby-2.3.1/gems/activesupport-4.2.2/lib/active_support/notifications/instrumenter.rb:20:in `instrument'
     # /usr/local/rvm/gems/ruby-2.3.1/gems/activesupport-4.2.2/lib/active_support/notifications.rb:164:in `instrument'
     # /usr/local/rvm/gems/ruby-2.3.1/gems/actionview-4.2.2/lib/action_view/renderer/abstract_renderer.rb:39:in `instrument'
     # /usr/local/rvm/gems/ruby-2.3.1/gems/actionview-4.2.2/lib/action_view/renderer/template_renderer.rb:53:in `block in render_template'
     # /usr/local/rvm/gems/ruby-2.3.1/gems/actionview-4.2.2/lib/action_view/renderer/template_renderer.rb:61:in `render_with_layout'
     # /usr/local/rvm/gems/ruby-2.3.1/gems/actionview-4.2.2/lib/action_view/renderer/template_renderer.rb:52:in `render_template'
     # /usr/local/rvm/gems/ruby-2.3.1/gems/actionview-4.2.2/lib/action_view/renderer/template_renderer.rb:14:in `render'
     # /usr/local/rvm/gems/ruby-2.3.1/gems/actionview-4.2.2/lib/action_view/renderer/renderer.rb:42:in `render_template'
     # /usr/local/rvm/gems/ruby-2.3.1/gems/actionview-4.2.2/lib/action_view/renderer/renderer.rb:23:in `render'
     # /usr/local/rvm/gems/ruby-2.3.1/gems/actionview-4.2.2/lib/action_view/rendering.rb:100:in `_render_template'
     # /usr/local/rvm/gems/ruby-2.3.1/gems/actionpack-4.2.2/lib/action_controller/metal/streaming.rb:217:in `_render_template'
     # /usr/local/rvm/gems/ruby-2.3.1/gems/actionview-4.2.2/lib/action_view/rendering.rb:83:in `render_to_body'
     # /usr/local/rvm/gems/ruby-2.3.1/gems/actionpack-4.2.2/lib/action_controller/metal/rendering.rb:32:in `render_to_body'
     # /usr/local/rvm/gems/ruby-2.3.1/gems/actionpack-4.2.2/lib/action_controller/metal/renderers.rb:37:in `render_to_body'
     # /usr/local/rvm/gems/ruby-2.3.1/gems/actionpack-4.2.2/lib/abstract_controller/rendering.rb:25:in `render'
     # /usr/local/rvm/gems/ruby-2.3.1/gems/actionpack-4.2.2/lib/action_controller/metal/rendering.rb:16:in `render'
     # /usr/local/rvm/gems/ruby-2.3.1/gems/actionpack-4.2.2/lib/action_controller/metal/instrumentation.rb:44:in `block (2 levels) in render'
     # /usr/local/rvm/gems/ruby-2.3.1/gems/activesupport-4.2.2/lib/active_support/core_ext/benchmark.rb:12:in `block in ms'
     # /usr/local/rvm/gems/ruby-2.3.1/gems/activesupport-4.2.2/lib/active_support/core_ext/benchmark.rb:12:in `ms'
     # /usr/local/rvm/gems/ruby-2.3.1/gems/actionpack-4.2.2/lib/action_controller/metal/instrumentation.rb:44:in `block in render'
     # /usr/local/rvm/gems/ruby-2.3.1/gems/actionpack-4.2.2/lib/action_controller/metal/instrumentation.rb:87:in `cleanup_view_runtime'
     # /usr/local/rvm/gems/ruby-2.3.1/gems/activerecord-4.2.2/lib/active_record/railties/controller_runtime.rb:25:in `cleanup_view_runtime'
     # /usr/local/rvm/gems/ruby-2.3.1/gems/actionpack-4.2.2/lib/action_controller/metal/instrumentation.rb:43:in `render'
     # /usr/local/rvm/gems/ruby-2.3.1/gems/actionpack-4.2.2/lib/action_controller/metal/implicit_render.rb:10:in `default_render'
     # /usr/local/rvm/gems/ruby-2.3.1/gems/actionpack-4.2.2/lib/action_controller/metal/implicit_render.rb:5:in `send_action'
     # /usr/local/rvm/gems/ruby-2.3.1/gems/actionpack-4.2.2/lib/abstract_controller/base.rb:198:in `process_action'
     # /usr/local/rvm/gems/ruby-2.3.1/gems/actionpack-4.2.2/lib/action_controller/metal/rendering.rb:10:in `process_action'
     # /usr/local/rvm/gems/ruby-2.3.1/gems/actionpack-4.2.2/lib/abstract_controller/callbacks.rb:20:in `block in process_action'
     # /usr/local/rvm/gems/ruby-2.3.1/gems/activesupport-4.2.2/lib/active_support/callbacks.rb:117:in `call'
     # /usr/local/rvm/gems/ruby-2.3.1/gems/activesupport-4.2.2/lib/active_support/callbacks.rb:555:in `block (2 levels) in compile'
     # /usr/local/rvm/gems/ruby-2.3.1/gems/activesupport-4.2.2/lib/active_support/callbacks.rb:505:in `call'
     # /usr/local/rvm/gems/ruby-2.3.1/gems/activesupport-4.2.2/lib/active_support/callbacks.rb:92:in `_run_callbacks'
     # /usr/local/rvm/gems/ruby-2.3.1/gems/activesupport-4.2.2/lib/active_support/callbacks.rb:776:in `_run_process_action_callbacks'
     # /usr/local/rvm/gems/ruby-2.3.1/gems/activesupport-4.2.2/lib/active_support/callbacks.rb:81:in `run_callbacks'
     # /usr/local/rvm/gems/ruby-2.3.1/gems/actionpack-4.2.2/lib/abstract_controller/callbacks.rb:19:in `process_action'
     # /usr/local/rvm/gems/ruby-2.3.1/gems/actionpack-4.2.2/lib/action_controller/metal/rescue.rb:29:in `process_action'
     # /usr/local/rvm/gems/ruby-2.3.1/gems/actionpack-4.2.2/lib/action_controller/metal/instrumentation.rb:32:in `block in process_action'
     # /usr/local/rvm/gems/ruby-2.3.1/gems/activesupport-4.2.2/lib/active_support/notifications.rb:164:in `block in instrument'
     # /usr/local/rvm/gems/ruby-2.3.1/gems/activesupport-4.2.2/lib/active_support/notifications/instrumenter.rb:20:in `instrument'
     # /usr/local/rvm/gems/ruby-2.3.1/gems/activesupport-4.2.2/lib/active_support/notifications.rb:164:in `instrument'
     # /usr/local/rvm/gems/ruby-2.3.1/gems/actionpack-4.2.2/lib/action_controller/metal/instrumentation.rb:30:in `process_action'
     # /usr/local/rvm/gems/ruby-2.3.1/gems/actionpack-4.2.2/lib/action_controller/metal/params_wrapper.rb:250:in `process_action'
     # /usr/local/rvm/gems/ruby-2.3.1/gems/activerecord-4.2.2/lib/active_record/railties/controller_runtime.rb:18:in `process_action'
     # /usr/local/rvm/gems/ruby-2.3.1/gems/actionpack-4.2.2/lib/abstract_controller/base.rb:137:in `process'
     # /usr/local/rvm/gems/ruby-2.3.1/gems/actionview-4.2.2/lib/action_view/rendering.rb:30:in `process'
     # /usr/local/rvm/gems/ruby-2.3.1/gems/actionpack-4.2.2/lib/action_controller/metal.rb:196:in `dispatch'
     # /usr/local/rvm/gems/ruby-2.3.1/gems/actionpack-4.2.2/lib/action_controller/metal/rack_delegation.rb:13:in `dispatch'
     # /usr/local/rvm/gems/ruby-2.3.1/gems/actionpack-4.2.2/lib/action_controller/metal.rb:237:in `block in action'
     # /usr/local/rvm/gems/ruby-2.3.1/gems/actionpack-4.2.2/lib/action_dispatch/routing/route_set.rb:74:in `dispatch'
     # /usr/local/rvm/gems/ruby-2.3.1/gems/actionpack-4.2.2/lib/action_dispatch/routing/route_set.rb:43:in `serve'
     # /usr/local/rvm/gems/ruby-2.3.1/gems/actionpack-4.2.2/lib/action_dispatch/journey/router.rb:43:in `block in serve'
     # /usr/local/rvm/gems/ruby-2.3.1/gems/actionpack-4.2.2/lib/action_dispatch/journey/router.rb:30:in `each'
     # /usr/local/rvm/gems/ruby-2.3.1/gems/actionpack-4.2.2/lib/action_dispatch/journey/router.rb:30:in `serve'
     # /usr/local/rvm/gems/ruby-2.3.1/gems/actionpack-4.2.2/lib/action_dispatch/routing/route_set.rb:819:in `call'
     # /usr/local/rvm/gems/ruby-2.3.1/gems/rack-1.6.4/lib/rack/etag.rb:24:in `call'
     # /usr/local/rvm/gems/ruby-2.3.1/gems/rack-1.6.4/lib/rack/conditionalget.rb:25:in `call'
     # /usr/local/rvm/gems/ruby-2.3.1/gems/rack-1.6.4/lib/rack/head.rb:13:in `call'
     # /usr/local/rvm/gems/ruby-2.3.1/gems/actionpack-4.2.2/lib/action_dispatch/middleware/params_parser.rb:27:in `call'
     # /usr/local/rvm/gems/ruby-2.3.1/gems/actionpack-4.2.2/lib/action_dispatch/middleware/flash.rb:260:in `call'
     # /usr/local/rvm/gems/ruby-2.3.1/gems/rack-1.6.4/lib/rack/session/abstract/id.rb:225:in `context'
     # /usr/local/rvm/gems/ruby-2.3.1/gems/rack-1.6.4/lib/rack/session/abstract/id.rb:220:in `call'
     # /usr/local/rvm/gems/ruby-2.3.1/gems/actionpack-4.2.2/lib/action_dispatch/middleware/cookies.rb:560:in `call'
     # /usr/local/rvm/gems/ruby-2.3.1/gems/activerecord-4.2.2/lib/active_record/query_cache.rb:36:in `call'
     # /usr/local/rvm/gems/ruby-2.3.1/gems/activerecord-4.2.2/lib/active_record/connection_adapters/abstract/connection_pool.rb:649:in `call'
     # /usr/local/rvm/gems/ruby-2.3.1/gems/actionpack-4.2.2/lib/action_dispatch/middleware/callbacks.rb:29:in `block in call'
     # /usr/local/rvm/gems/ruby-2.3.1/gems/activesupport-4.2.2/lib/active_support/callbacks.rb:88:in `_run_callbacks'
     # /usr/local/rvm/gems/ruby-2.3.1/gems/activesupport-4.2.2/lib/active_support/callbacks.rb:776:in `_run_call_callbacks'
     # /usr/local/rvm/gems/ruby-2.3.1/gems/activesupport-4.2.2/lib/active_support/callbacks.rb:81:in `run_callbacks'
     # /usr/local/rvm/gems/ruby-2.3.1/gems/actionpack-4.2.2/lib/action_dispatch/middleware/callbacks.rb:27:in `call'
     # /usr/local/rvm/gems/ruby-2.3.1/gems/actionpack-4.2.2/lib/action_dispatch/middleware/remote_ip.rb:78:in `call'
     # /usr/local/rvm/gems/ruby-2.3.1/gems/actionpack-4.2.2/lib/action_dispatch/middleware/debug_exceptions.rb:17:in `call'
     # /usr/local/rvm/gems/ruby-2.3.1/gems/web-console-2.2.1/lib/web_console/middleware.rb:39:in `call'
     # /usr/local/rvm/gems/ruby-2.3.1/gems/actionpack-4.2.2/lib/action_dispatch/middleware/show_exceptions.rb:30:in `call'
     # /usr/local/rvm/gems/ruby-2.3.1/gems/railties-4.2.2/lib/rails/rack/logger.rb:38:in `call_app'
     # /usr/local/rvm/gems/ruby-2.3.1/gems/railties-4.2.2/lib/rails/rack/logger.rb:20:in `block in call'
     # /usr/local/rvm/gems/ruby-2.3.1/gems/activesupport-4.2.2/lib/active_support/tagged_logging.rb:68:in `block in tagged'
     # /usr/local/rvm/gems/ruby-2.3.1/gems/activesupport-4.2.2/lib/active_support/tagged_logging.rb:26:in `tagged'
     # /usr/local/rvm/gems/ruby-2.3.1/gems/activesupport-4.2.2/lib/active_support/tagged_logging.rb:68:in `tagged'
     # /usr/local/rvm/gems/ruby-2.3.1/gems/railties-4.2.2/lib/rails/rack/logger.rb:20:in `call'
     # /usr/local/rvm/gems/ruby-2.3.1/gems/actionpack-4.2.2/lib/action_dispatch/middleware/request_id.rb:21:in `call'
     # /usr/local/rvm/gems/ruby-2.3.1/gems/rack-1.6.4/lib/rack/methodoverride.rb:22:in `call'
     # /usr/local/rvm/gems/ruby-2.3.1/gems/rack-1.6.4/lib/rack/runtime.rb:18:in `call'
     # /usr/local/rvm/gems/ruby-2.3.1/gems/activesupport-4.2.2/lib/active_support/cache/strategy/local_cache_middleware.rb:28:in `call'
     # /usr/local/rvm/gems/ruby-2.3.1/gems/rack-1.6.4/lib/rack/lock.rb:17:in `call'
     # /usr/local/rvm/gems/ruby-2.3.1/gems/actionpack-4.2.2/lib/action_dispatch/middleware/static.rb:113:in `call'
     # /usr/local/rvm/gems/ruby-2.3.1/gems/rack-1.6.4/lib/rack/sendfile.rb:113:in `call'
     # /usr/local/rvm/gems/ruby-2.3.1/gems/railties-4.2.2/lib/rails/engine.rb:518:in `call'
     # /usr/local/rvm/gems/ruby-2.3.1/gems/railties-4.2.2/lib/rails/application.rb:164:in `call'
     # /usr/local/rvm/gems/ruby-2.3.1/gems/rack-1.6.4/lib/rack/urlmap.rb:66:in `block in call'
     # /usr/local/rvm/gems/ruby-2.3.1/gems/rack-1.6.4/lib/rack/urlmap.rb:50:in `each'
     # /usr/local/rvm/gems/ruby-2.3.1/gems/rack-1.6.4/lib/rack/urlmap.rb:50:in `call'
     # /usr/local/rvm/gems/ruby-2.3.1/gems/rack-test-0.6.3/lib/rack/mock_session.rb:30:in `request'
     # /usr/local/rvm/gems/ruby-2.3.1/gems/rack-test-0.6.3/lib/rack/test.rb:244:in `process_request'
     # /usr/local/rvm/gems/ruby-2.3.1/gems/rack-test-0.6.3/lib/rack/test.rb:58:in `get'
     # /usr/local/rvm/gems/ruby-2.3.1/gems/capybara-2.4.4/lib/capybara/rack_test/browser.rb:60:in `process'
     # /usr/local/rvm/gems/ruby-2.3.1/gems/capybara-2.4.4/lib/capybara/rack_test/browser.rb:38:in `block in process_and_follow_redirects'
     # /usr/local/rvm/gems/ruby-2.3.1/gems/capybara-2.4.4/lib/capybara/rack_test/browser.rb:37:in `times'
     # /usr/local/rvm/gems/ruby-2.3.1/gems/capybara-2.4.4/lib/capybara/rack_test/browser.rb:37:in `process_and_follow_redirects'
     # /usr/local/rvm/gems/ruby-2.3.1/gems/capybara-2.4.4/lib/capybara/rack_test/browser.rb:26:in `submit'
     # /usr/local/rvm/gems/ruby-2.3.1/gems/capybara-2.4.4/lib/capybara/rack_test/form.rb:75:in `submit'
     # /usr/local/rvm/gems/ruby-2.3.1/gems/capybara-2.4.4/lib/capybara/rack_test/node.rb:60:in `click'
     # /usr/local/rvm/gems/ruby-2.3.1/gems/capybara-2.4.4/lib/capybara/node/element.rb:133:in `block in click'
     # /usr/local/rvm/gems/ruby-2.3.1/gems/capybara-2.4.4/lib/capybara/node/base.rb:84:in `synchronize'
     # /usr/local/rvm/gems/ruby-2.3.1/gems/capybara-2.4.4/lib/capybara/node/element.rb:133:in `click'
     # /usr/local/rvm/gems/ruby-2.3.1/gems/capybara-2.4.4/lib/capybara/node/actions.rb:37:in `click_button'
     # /usr/local/rvm/gems/ruby-2.3.1/gems/capybara-2.4.4/lib/capybara/session.rb:676:in `block (2 levels) in <class:Session>'
     # /usr/local/rvm/gems/ruby-2.3.1/gems/capybara-2.4.4/lib/capybara/dsl.rb:51:in `block (2 levels) in <module:DSL>'
     # ./spec/features/comments_spec.rb:22:in `block (2 levels) in <top (required)>'

Finished in 0.89839 seconds (files took 9.71 seconds to load)
2 examples, 1 failure

Failed examples:

rspec ./spec/features/comments_spec.rb:19 # comments creates a comment and a new user

